0
eyIkc2NoZW1hIjoiaHR0cDovL2pzb24tc2NoZW1hLm9yZy9kcmFmdC0wNC9zY2hlbWEjIiwidHlwZSI6ImFycmF5IiwiaXRlbXMiOlt7InR5cGUiOiJpbnRlZ2VyIn0seyJ0eXBlIjoic3RyaW5nIn1dfQ==
