1

RVJST1I6IGV4cGVjdGVkIGVuZCBvZiBvYmplY3QgYXQgcG9zaXRpb24gMToxMi4gQWN0dWFsOiBgRU9GYAo=