1

RVJST1I6IGV4cGVjdGVkIGVuZCBvZiBhcnJheSBhdCBwb3NpdGlvbiAxOjkuIEFjdHVhbDogYEVPRmAK