1

RVJST1I6IGV4cGVjdGVkIGNvbG9uIGF0IHBvc2l0aW9uIDE6MTEK