1

RVJST1I6IGludmFsaWQgY2hhcmFjdGVyIGF0IHBvc2l0aW9uIDE6MTEK