0
eyIkc2NoZW1hIjoiaHR0cDovL2pzb24tc2NoZW1hLm9yZy9kcmFmdC0wNC9zY2hlbWEjIiwidHlwZSI6Im9iamVjdCIsInByb3BlcnRpZXMiOnsibGF0aXR1ZGUiOnsidHlwZSI6Im51bWJlciJ9fSwicmVxdWlyZWQiOlsibGF0aXR1ZGUiXX0=
