0
eyIkc2NoZW1hIjoiaHR0cDovL2pzb24tc2NoZW1hLm9yZy9kcmFmdC0wNC9zY2hlbWEjIiwidHlwZSI6Im9iamVjdCIsInByb3BlcnRpZXMiOnsidGVzdGUiOnsidHlwZSI6ImludGVnZXIifX0sInJlcXVpcmVkIjpbInRlc3RlIl19
